../Drivers/CMSIS/Include/core_cm7.h:2147:34:__NVIC_SystemReset	4	static,ignoring_inline_asm
../Drivers/CMSIS/Include/core_cm7.h:2229:22:SCB_EnableICache	4	static,ignoring_inline_asm
../Drivers/CMSIS/Include/core_cm7.h:2281:22:SCB_EnableDCache	24	static,ignoring_inline_asm
../Core/Src/../../lvgl/src/hal/../draw/../misc/lv_color.h:608:26:lv_color_hex	24	static
../Core/Src/../../lvgl/src/core/lv_disp.h:184:26:lv_scr_act	8	static
../Core/Src/../../lvgl/src/lv_api_map.h:35:51:lv_task_handler	8	static
../Core/Src/main.c:309:5:main	88	static
../Core/Src/main.c:595:6:trip_point_of_leak	8	static
../Core/Src/main.c:622:6:leak_response_dropdown	8	static
../Core/Src/main.c:655:6:stuck_logic	4	static
../Core/Src/main.c:687:6:flow_settings	8	static
../Core/Src/main.c:706:6:temp_settings	8	static
../Core/Src/main.c:764:6:transmit_value_via_uart	56	static
../Core/Src/main.c:822:6:toggle_image_visibility	8	static
../Core/Src/main.c:837:6:toggle_image_visibility_off	8	static
../Core/Src/main.c:847:6:toggle_txt_visibility_off	8	static
../Core/Src/main.c:858:6:toggle_txt_visibility	8	static
../Core/Src/main.c:874:6:toggle_txt_visibility_temp	8	static
../Core/Src/main.c:891:13:event_handler_bypass_btn	64	static
../Core/Src/main.c:923:6:lv_example_dropdown_BYPASS	16	static
../Core/Src/main.c:942:6:TIM3_IRQHandler	4	static
../Core/Src/main.c:954:6:TIM2_IRQHandler	4	static
../Core/Src/main.c:970:6:HAL_TIM_IC_CaptureCallback	24	static
../Core/Src/main.c:1252:6:SystemClock_Config	88	static
../Core/Src/main.c:1310:13:MX_ADC1_Init	24	static
../Core/Src/main.c:1362:13:MX_ADC3_Init	24	static
../Core/Src/main.c:1414:13:MX_LTDC_Init	112	static
../Core/Src/main.c:1496:13:MX_TIM2_Init	40	static
../Core/Src/main.c:1544:13:MX_TIM3_Init	40	static
../Core/Src/main.c:1590:13:MX_TIM13_Init	24	static
../Core/Src/main.c:1635:13:MX_TIM14_Init	24	static
../Core/Src/main.c:1680:13:MX_USART1_UART_Init	8	static
../Core/Src/main.c:1715:13:MX_GPIO_Init	72	static
../Core/Src/main.c:2124:6:Error_Handler	4	static,ignoring_inline_asm
