Microchip MPLAB XC8 Compiler V3.00

Linker command line:

-W-3 \
  --edf=C:\Program Files\Microchip\xc8\v3.00\pic\dat\20241204225717_en.msgs \
  -cn \
  -h+dist/default/production\10_DISPLAY_DELAY_17_06_2025.X.production.sym \
  --cmf=dist/default/production\10_DISPLAY_DELAY_17_06_2025.X.production.cmf \
  -z -Q16F15376 \
  -oC:\Users\Admin\AppData\Local\Temp\xcCsegk.2\driver_tmp_3.o \
  --defsym=__MPLAB_BUILD=1 --fixupoverflow=error \
  -Mdist/default/production/10_DISPLAY_DELAY_17_06_2025.X.production.map \
  --md=C:\Users\Admin\AppData\Local\Temp\xcCsegk.2\driver_tmp_0.dat -E1 \
  -ver=XC8 Compiler -ACODE=00h-07FFhx8 -ASTRCODE=00h-03FFFh \
  -ASTRING=00h-0FFhx64 -ACONST=00h-0FFhx64 -AENTRY=00h-0FFhx64 \
  -ACOMMON=070h-07Fh -ABANK0=020h-06Fh -ABANK1=0A0h-0EFh \
  -ABANK2=0120h-016Fh -ABANK3=01A0h-01EFh -ABANK4=0220h-026Fh \
  -ABANK5=02A0h-02EFh -ABANK6=0320h-036Fh -ABANK7=03A0h-03EFh \
  -ABANK8=0420h-046Fh -ABANK9=04A0h-04EFh -ABANK10=0520h-056Fh \
  -ABANK11=05A0h-05EFh -ABANK12=0620h-066Fh -ABANK13=06A0h-06EFh \
  -ABANK14=0720h-076Fh -ABANK15=07A0h-07EFh -ABANK16=0820h-086Fh \
  -ABANK17=08A0h-08EFh -ABANK18=0920h-096Fh -ABANK19=09A0h-09EFh \
  -ABANK20=0A20h-0A6Fh -ABANK21=0AA0h-0AEFh -ABANK22=0B20h-0B6Fh \
  -ABANK23=0BA0h-0BEFh -ABANK24=0C20h-0C6Fh -ABANK25=0CA0h-0CBFh \
  -ABIGRAM=02000h-027EFh \
  -ARAM=020h-06Fh,0A0h-0EFh,0120h-016Fh,01A0h-01EFh,0220h-026Fh,02A0h-02EFh,0320h-036Fh,03A0h-03EFh,0420h-046Fh,04A0h-04EFh,0520h-056Fh,05A0h-05EFh,0620h-066Fh,06A0h-06EFh,0720h-076Fh,07A0h-07EFh,0820h-086Fh,08A0h-08EFh,0920h-096Fh,09A0h-09EFh,0A20h-0A6Fh,0AA0h-0AEFh,0B20h-0B6Fh,0BA0h-0BEFh,0C20h-0C6Fh,0CA0h-0CBFh \
  -AABS1=020h-07Fh,0A0h-0EFh,0120h-016Fh,01A0h-01EFh,0220h-026Fh,02A0h-02EFh,0320h-036Fh,03A0h-03EFh,0420h-046Fh,04A0h-04EFh,0520h-056Fh,05A0h-05EFh,0620h-066Fh,06A0h-06EFh,0720h-076Fh,07A0h-07EFh,0820h-086Fh,08A0h-08EFh,0920h-096Fh,09A0h-09EFh,0A20h-0A6Fh,0AA0h-0AEFh,0B20h-0B6Fh,0BA0h-0BEFh,0C20h-0C6Fh,0CA0h-0CBFh \
  -ASFR0=00h-01Fh -ASFR1=080h-09Fh -ASFR2=0100h-011Fh -ASFR3=0180h-019Fh \
  -ASFR4=0200h-021Fh -ASFR5=0280h-029Fh -ASFR6=0300h-031Fh \
  -ASFR7=0380h-039Fh -ASFR8=0400h-041Fh -ASFR9=0480h-049Fh \
  -ASFR10=0500h-051Fh -ASFR11=0580h-059Fh -ASFR12=0600h-061Fh \
  -ASFR13=0680h-069Fh -ASFR14=0700h-071Fh -ASFR15=0780h-079Fh \
  -ASFR16=0800h-081Fh -ASFR17=0880h-089Fh -ASFR18=0900h-091Fh \
  -ASFR19=0980h-099Fh -ASFR20=0A00h-0A1Fh -ASFR21=0A80h-0A9Fh \
  -ASFR22=0B00h-0B1Fh -ASFR23=0B80h-0B9Fh -ASFR24=0C00h-0C1Fh \
  -ASFR25=0C80h-0C9Fh -ASFR26=0D00h-0D6Fh -ASFR27=0D80h-0DEFh \
  -ASFR28=0E00h-0E6Fh -ASFR29=0E80h-0EEFh -ASFR30=0F00h-0F6Fh \
  -ASFR31=0F80h-0FEFh -ASFR32=01000h-0106Fh -ASFR33=01080h-010EFh \
  -ASFR34=01100h-0116Fh -ASFR35=01180h-011EFh -ASFR36=01200h-0126Fh \
  -ASFR37=01280h-012EFh -ASFR38=01300h-0136Fh -ASFR39=01380h-013EFh \
  -ASFR40=01400h-0146Fh -ASFR41=01480h-014EFh -ASFR42=01500h-0156Fh \
  -ASFR43=01580h-015EFh -ASFR44=01600h-0166Fh -ASFR45=01680h-016EFh \
  -ASFR46=01700h-0176Fh -ASFR47=01780h-017EFh -ASFR48=01800h-0186Fh \
  -ASFR49=01880h-018EFh -ASFR50=01900h-0196Fh -ASFR51=01980h-019EFh \
  -ASFR52=01A00h-01A6Fh -ASFR53=01A80h-01AEFh -ASFR54=01B00h-01B6Fh \
  -ASFR55=01B80h-01BEFh -ASFR56=01C00h-01C6Fh -ASFR57=01C80h-01CEFh \
  -ASFR58=01D00h-01D6Fh -ASFR59=01D80h-01DEFh -ASFR60=01E00h-01E6Fh \
  -ASFR61=01E80h-01EEFh -ASFR62=01F00h-01F6Fh -ASFR63=01F80h-01FEFh \
  -ACONFIG=08007h-0800Bh -DCONFIG=2 -AIDLOC=08000h-08003h -DIDLOC=2 \
  -DCODE=2 -DSTRCODE=2 -DSTRING=2 -DCONST=2 -DENTRY=2 \
  -preset_vec=00h,intentry=04h,sivt,init,end_init -ppowerup=CODE \
  -pcinit=CODE -pfunctab=ENTRY -k \
  C:\Users\Admin\AppData\Local\Temp\xcCsegk.2\driver_tmp_17.o \
  dist/default/production\10_DISPLAY_DELAY_17_06_2025.X.production.o 

Object code version is 3.11

Machine type is 16F15376



                Name                               Link     Load   Length Selector   Space Scale
C:\Users\Admin\AppData\Local\Temp\xcCsegk.2\driver_tmp_17.o
                end_init                            3DF      3DF        2        8       0
                reset_vec                             0        0        2        0       0
                config                             8007     8007        5        0       4
dist/default/production\10_DISPLAY_DELAY_17_06_2025.X.production.o
                cinit                               3E1      3E1       74        8       0
                intentry                              4        4      3DB        8       0
                config                             8007     8007        5        0       4
                text46                                3        3        1        6       0
                text45                             16E7     16E7        4     2DCE       0
                text44                              AD7      AD7       54     15AE       0
                text43                             17A8     17A8       1B     2F50       0
                text42                             16DE     16DE        3     2DBC       0
                text41                             17E1     17E1       1F     2FC2       0
                text40                              807      807       23     100E       0
                text39                             1777     1777       18     2EEE       0
                text38                              95E      95E       3A     12BC       0
                text37                              8F6      8F6       32     11EC       0
                text36                             16F9     16F9        9     2DF2       0
                text35                             172E     172E        F     2E5C       0
                text34                              B2B      B2B       5C     1656       0
                text33                              CA8      CA8       CE     1950       0
                text32                             17C3     17C3       1E     2F86       0
                text31                              82A      82A       26     1054       0
                text30                              9E4      9E4       50     13C8       0
                text29                             178F     178F       19     2F1E       0
                text28                              455      455      114        8       0
                text27                              850      850       28     10A0       0
                text26                              E46      E46       DD     1C8C       0
                text25                              F23      F23       DD     1E46       0
                text24                              878      878       28     10F0       0
                text23                              8A0      8A0       28     1140       0
                text22                              B87      B87       5C     170E       0
                text21                              A85      A85       52     150A       0
                text20                              65B      65B       EF        8       0
                text19                              BE3      BE3       61     17C6       0
                text18                              8C8      8C8       2E     1190       0
                text17                              A34      A34       51     1468       0
                text16                              D76      D76       D0     1AEC       0
                text15                              74A      74A       AA        8       0
                text14                              569      569       F2        8       0
                text12                             174D     174D       14     2E9A       0
                text11                             1702     1702        9     2E04       0
                text10                             1716     1716        C     2E2C       0
                text9                              1722     1722        C     2E44       0
                text8                               928      928       36     1250       0
                text7                              16EB     16EB        6     2DD6       0
                text6                              170B     170B        B     2E16       0
                text5                              16E1     16E1        3     2DC2       0
                text4                               800      800        7        8       0
                text3                               998      998       4C     1330       0
                text2                              173D     173D       10     2E7A       0
                text1                              1761     1761       16     2EC2       0
                maintext                            C44      C44       64     1888       0
                cstackBANK0                          20       20       33       20       1
                cstackCOMMON                         70       70        C       70       1
                cstackBANK1                          ED       ED        2       A0       1
                clrtext                             7F4      7F4        C        8       0
                bssBANK5                            2A0      2A0       40      2A0       1
                bssBANK4                            220      220       42      220       1
                bssBANK3                            1A0      1A0       4E      1A0       1
                bssBANK2                            120      120       4C      120       1
                dataBANK1                            EA       EA        3       A0       1
                bssBANK1                             A0       A0       4A       A0       1
                dataBANK0                            68       68        8       20       1
                bssBANK0                             53       53       15       20       1
                bssCOMMON                            7C       7C        2       70       1
                stringtext3                        1800     1800       12     3000       0
                nvBANK2                             16C      16C        4      120       1
                stringtext2                        1030     1030       24     2000       0
                stringtext1                        1000     1000       30     2000       0
                idataBANK1                         16E4     16E4        3     2DC8       0
                idataBANK0                         16F1     16F1        8     2DE2       0

TOTAL           Name                               Link     Load   Length     Space
        CLASS   CODE           
                end_init                            3DF      3DF        2         0
                cinit                               3E1      3E1       74         0
                intentry                              4        4      3DB         0
                reset_vec                             0        0        2         0
                text46                                3        3        1         0
                text45                             16E7     16E7        4         0
                text44                              AD7      AD7       54         0
                text43                             17A8     17A8       1B         0
                text42                             16DE     16DE        3         0
                text41                             17E1     17E1       1F         0
                text40                              807      807       23         0
                text39                             1777     1777       18         0
                text38                              95E      95E       3A         0
                text37                              8F6      8F6       32         0
                text36                             16F9     16F9        9         0
                text35                             172E     172E        F         0
                text34                              B2B      B2B       5C         0
                text33                              CA8      CA8       CE         0
                text32                             17C3     17C3       1E         0
                text31                              82A      82A       26         0
                text30                              9E4      9E4       50         0
                text29                             178F     178F       19         0
                text28                              455      455      114         0
                text27                              850      850       28         0
                text26                              E46      E46       DD         0
                text25                              F23      F23       DD         0
                text24                              878      878       28         0
                text23                              8A0      8A0       28         0
                text22                              B87      B87       5C         0
                text21                              A85      A85       52         0
                text20                              65B      65B       EF         0
                text19                              BE3      BE3       61         0
                text18                              8C8      8C8       2E         0
                text17                              A34      A34       51         0
                text16                              D76      D76       D0         0
                text15                              74A      74A       AA         0
                text14                              569      569       F2         0
                text12                             174D     174D       14         0
                text11                             1702     1702        9         0
                text10                             1716     1716        C         0
                text9                              1722     1722        C         0
                text8                               928      928       36         0
                text7                              16EB     16EB        6         0
                text6                              170B     170B        B         0
                text5                              16E1     16E1        3         0
                text4                               800      800        7         0
                text3                               998      998       4C         0
                text2                              173D     173D       10         0
                text1                              1761     1761       16         0
                maintext                            C44      C44       64         0
                clrtext                             7F4      7F4        C         0
                idataBANK1                         16E4     16E4        3         0
                idataBANK0                         16F1     16F1        8         0

        CLASS   STRCODE        
                stringtext3                        1800     1800       12         0
                stringtext2                        1030     1030       24         0
                stringtext1                        1000     1000       30         0

        CLASS   STRING         

        CLASS   CONST          

        CLASS   ENTRY          

        CLASS   COMMON         
                cstackCOMMON                         70       70        C         1
                bssCOMMON                            7C       7C        2         1

        CLASS   BANK0          
                cstackBANK0                          20       20       33         1
                dataBANK0                            68       68        8         1
                bssBANK0                             53       53       15         1

        CLASS   BANK1          
                cstackBANK1                          ED       ED        2         1
                dataBANK1                            EA       EA        3         1
                bssBANK1                             A0       A0       4A         1

        CLASS   BANK2          
                bssBANK2                            120      120       4C         1
                nvBANK2                             16C      16C        4         1

        CLASS   BANK3          
                bssBANK3                            1A0      1A0       4E         1

        CLASS   BANK4          
                bssBANK4                            220      220       42         1

        CLASS   BANK5          
                bssBANK5                            2A0      2A0       40         1

        CLASS   BANK6          

        CLASS   BANK7          

        CLASS   BANK8          

        CLASS   BANK9          

        CLASS   BANK10         

        CLASS   BANK11         

        CLASS   BANK12         

        CLASS   BANK13         

        CLASS   BANK14         

        CLASS   BANK15         

        CLASS   BANK16         

        CLASS   BANK17         

        CLASS   BANK18         

        CLASS   BANK19         

        CLASS   BANK20         

        CLASS   BANK21         

        CLASS   BANK22         

        CLASS   BANK23         

        CLASS   BANK24         

        CLASS   BANK25         

        CLASS   BIGRAM         

        CLASS   RAM            

        CLASS   ABS1           
                abs_s1                               7E       7E        2         1
                abs_s1                              B68      B68        8         1
                abs_s1                              BA0      BA0       50         1
                abs_s1                              C20      C20       50         1
                abs_s1                              CA0      CA0       20         1
                abs_s1                             2728     2728        0         1

        CLASS   SFR0           

        CLASS   SFR1           

        CLASS   SFR2           

        CLASS   SFR3           

        CLASS   SFR4           

        CLASS   SFR5           

        CLASS   SFR6           

        CLASS   SFR7           

        CLASS   SFR8           

        CLASS   SFR9           

        CLASS   SFR10          

        CLASS   SFR11          

        CLASS   SFR12          

        CLASS   SFR13          

        CLASS   SFR14          

        CLASS   SFR15          

        CLASS   SFR16          

        CLASS   SFR17          

        CLASS   SFR18          

        CLASS   SFR19          

        CLASS   SFR20          

        CLASS   SFR21          

        CLASS   SFR22          

        CLASS   SFR23          

        CLASS   SFR24          

        CLASS   SFR25          

        CLASS   SFR26          

        CLASS   SFR27          

        CLASS   SFR28          

        CLASS   SFR29          

        CLASS   SFR30          

        CLASS   SFR31          

        CLASS   SFR32          

        CLASS   SFR33          

        CLASS   SFR34          

        CLASS   SFR35          

        CLASS   SFR36          

        CLASS   SFR37          

        CLASS   SFR38          

        CLASS   SFR39          

        CLASS   SFR40          

        CLASS   SFR41          

        CLASS   SFR42          

        CLASS   SFR43          

        CLASS   SFR44          

        CLASS   SFR45          

        CLASS   SFR46          

        CLASS   SFR47          

        CLASS   SFR48          

        CLASS   SFR49          

        CLASS   SFR50          

        CLASS   SFR51          

        CLASS   SFR52          

        CLASS   SFR53          

        CLASS   SFR54          

        CLASS   SFR55          

        CLASS   SFR56          

        CLASS   SFR57          

        CLASS   SFR58          

        CLASS   SFR59          

        CLASS   SFR60          

        CLASS   SFR61          

        CLASS   SFR62          

        CLASS   SFR63          

        CLASS   CONFIG         
                config                             8007     8007        5         4

        CLASS   IDLOC          

        CLASS   BANK63         

        CLASS   BANK62         

        CLASS   BANK61         

        CLASS   BANK60         

        CLASS   BANK59         

        CLASS   BANK58         

        CLASS   BANK57         

        CLASS   BANK56         

        CLASS   BANK55         

        CLASS   BANK54         

        CLASS   BANK53         

        CLASS   BANK52         

        CLASS   BANK51         

        CLASS   BANK50         

        CLASS   BANK49         

        CLASS   BANK48         

        CLASS   BANK47         

        CLASS   BANK46         

        CLASS   BANK45         

        CLASS   BANK44         

        CLASS   BANK43         

        CLASS   BANK42         

        CLASS   BANK41         

        CLASS   BANK40         

        CLASS   BANK39         

        CLASS   BANK38         

        CLASS   BANK37         

        CLASS   BANK36         

        CLASS   BANK35         

        CLASS   BANK34         

        CLASS   BANK33         

        CLASS   BANK32         

        CLASS   BANK31         

        CLASS   BANK30         

        CLASS   BANK29         

        CLASS   BANK28         

        CLASS   BANK27         

        CLASS   BANK26         

        CLASS   HEAP           

        CLASS   STACK          

        CLASS   EEDATA         



SEGMENTS        Name                           Load    Length   Top    Selector   Space  Class     Delta

                reset_vec                      000000  000002  000002         0       0  CODE        2
                text46                         000003  000001  000004         6       0  CODE        2
                intentry                       000004  000803  000807         8       0  CODE        2
                cstackBANK0                    000020  000050  000070        20       1  BANK0       1
                cstackCOMMON                   000070  00000E  00007E        70       1  COMMON      1
                bssBANK1                       0000A0  00004F  0000EF        A0       1  BANK1       1
                bssBANK2                       000120  000050  000170       120       1  BANK2       1
                bssBANK3                       0001A0  00004E  0001EE       1A0       1  BANK3       1
                bssBANK4                       000220  000042  000262       220       1  BANK4       1
                bssBANK5                       0002A0  000040  0002E0       2A0       1  BANK5       1
                text40                         000807  000023  00082A      100E       0  CODE        2
                text31                         00082A  000026  000850      1054       0  CODE        2
                text27                         000850  000028  000878      10A0       0  CODE        2
                text24                         000878  000028  0008A0      10F0       0  CODE        2
                text23                         0008A0  000028  0008C8      1140       0  CODE        2
                text18                         0008C8  00002E  0008F6      1190       0  CODE        2
                text37                         0008F6  000032  000928      11EC       0  CODE        2
                text8                          000928  000036  00095E      1250       0  CODE        2
                text38                         00095E  00003A  000998      12BC       0  CODE        2
                text3                          000998  00004C  0009E4      1330       0  CODE        2
                text30                         0009E4  000050  000A34      13C8       0  CODE        2
                text17                         000A34  000051  000A85      1468       0  CODE        2
                text21                         000A85  000052  000AD7      150A       0  CODE        2
                text44                         000AD7  000054  000B2B      15AE       0  CODE        2
                text34                         000B2B  00005C  000B87      1656       0  CODE        2
                text22                         000B87  00005C  000BE3      170E       0  CODE        2
                text19                         000BE3  000061  000C44      17C6       0  CODE        2
                maintext                       000C44  000064  000CA8      1888       0  CODE        2
                text33                         000CA8  0000CE  000D76      1950       0  CODE        2
                text16                         000D76  0000D0  000E46      1AEC       0  CODE        2
                text26                         000E46  0000DD  000F23      1C8C       0  CODE        2
                text25                         000F23  0000DD  001000      1E46       0  CODE        2
                stringtext1                    001000  000054  001054      2000       0  STRCODE     2
                text42                         0016DE  000003  0016E1      2DBC       0  CODE        2
                text5                          0016E1  000003  0016E4      2DC2       0  CODE        2
                idataBANK1                     0016E4  000003  0016E7      2DC8       0  CODE        2
                text45                         0016E7  000004  0016EB      2DCE       0  CODE        2
                text7                          0016EB  000006  0016F1      2DD6       0  CODE        2
                idataBANK0                     0016F1  000008  0016F9      2DE2       0  CODE        2
                text36                         0016F9  000009  001702      2DF2       0  CODE        2
                text11                         001702  000009  00170B      2E04       0  CODE        2
                text6                          00170B  00000B  001716      2E16       0  CODE        2
                text10                         001716  00000C  001722      2E2C       0  CODE        2
                text9                          001722  00000C  00172E      2E44       0  CODE        2
                text35                         00172E  00000F  00173D      2E5C       0  CODE        2
                text2                          00173D  000010  00174D      2E7A       0  CODE        2
                text12                         00174D  000014  001761      2E9A       0  CODE        2
                text1                          001761  000016  001777      2EC2       0  CODE        2
                text39                         001777  000018  00178F      2EEE       0  CODE        2
                text29                         00178F  000019  0017A8      2F1E       0  CODE        2
                text43                         0017A8  00001B  0017C3      2F50       0  CODE        2
                text32                         0017C3  00001E  0017E1      2F86       0  CODE        2
                text41                         0017E1  00001F  001800      2FC2       0  CODE        2
                stringtext3                    001800  000012  001812      3000       0  STRCODE     2


UNUSED ADDRESS RANGES

        Name                Unused          Largest block    Delta
        BANK1            000EF-000EF               1           1
        BANK10           00520-0056F              50           1
        BANK11           005A0-005EF              50           1
        BANK12           00620-0066F              50           1
        BANK13           006A0-006EF              50           1
        BANK14           00720-0076F              50           1
        BANK15           007A0-007EF              50           1
        BANK16           00820-0086F              50           1
        BANK17           008A0-008EF              50           1
        BANK18           00920-0096F              50           1
        BANK19           009A0-009EF              50           1
        BANK20           00A20-00A6F              50           1
        BANK21           00AA0-00AEF              50           1
        BANK22           00B20-00B67              48           1
        BANK3            001EE-001EF               2           1
        BANK4            00262-0026F               E           1
        BANK5            002E0-002EF              10           1
        BANK6            00320-0036F              50           1
        BANK7            003A0-003EF              50           1
        BANK8            00420-0046F              50           1
        BANK9            004A0-004EF              50           1
        BIGRAM           02000-027EF             7F0           1
        CODE             00002-00002               1           2
                         01054-016DD             68A
                         01812-03FFF             800
        CONST            00002-00002               1           2
                         01054-016DD             100
                         01812-03FFF             100
        ENTRY            00002-00002               1           2
                         01054-016DD             100
                         01812-03FFF             100
        IDLOC            08000-08003               4           2
        RAM              000EF-000EF               1           1
                         001EE-001EF               2
                         00262-0026F               E
                         002E0-002EF              10
                         00320-0036F              50
                         003A0-003EF              50
                         00420-0046F              50
                         004A0-004EF              50
                         00520-0056F              50
                         005A0-005EF              50
                         00620-0066F              50
                         006A0-006EF              50
                         00720-0076F              50
                         007A0-007EF              50
                         00820-0086F              50
                         008A0-008EF              50
                         00920-0096F              50
                         009A0-009EF              50
                         00A20-00A6F              50
                         00AA0-00AEF              50
                         00B20-00B67              48
        SFR0             00000-0001F              20           1
        SFR1             00080-0009F              20           1
        SFR10            00500-0051F              20           1
        SFR11            00580-0059F              20           1
        SFR12            00600-0061F              20           1
        SFR13            00680-0069F              20           1
        SFR14            00700-0071F              20           1
        SFR15            00780-0079F              20           1
        SFR16            00800-0081F              20           1
        SFR17            00880-0089F              20           1
        SFR18            00900-0091F              20           1
        SFR19            00980-0099F              20           1
        SFR2             00100-0011F              20           1
        SFR20            00A00-00A1F              20           1
        SFR21            00A80-00A9F              20           1
        SFR22            00B00-00B1F              20           1
        SFR23            00B80-00B9F              20           1
        SFR24            00C00-00C1F              20           1
        SFR25            00C80-00C9F              20           1
        SFR26            00D00-00D6F              70           1
        SFR27            00D80-00DEF              70           1
        SFR28            00E00-00E6F              70           1
        SFR29            00E80-00EEF              70           1
        SFR3             00180-0019F              20           1
        SFR30            00F00-00F6F              70           1
        SFR31            00F80-00FEF              70           1
        SFR32            01000-0106F              70           1
        SFR33            01080-010EF              70           1
        SFR34            01100-0116F              70           1
        SFR35            01180-011EF              70           1
        SFR36            01200-0126F              70           1
        SFR37            01280-012EF              70           1
        SFR38            01300-0136F              70           1
        SFR39            01380-013EF              70           1
        SFR4             00200-0021F              20           1
        SFR40            01400-0146F              70           1
        SFR41            01480-014EF              70           1
        SFR42            01500-0156F              70           1
        SFR43            01580-015EF              70           1
        SFR44            01600-0166F              70           1
        SFR45            01680-016EF              70           1
        SFR46            01700-0176F              70           1
        SFR47            01780-017EF              70           1
        SFR48            01800-0186F              70           1
        SFR49            01880-018EF              70           1
        SFR5             00280-0029F              20           1
        SFR50            01900-0196F              70           1
        SFR51            01980-019EF              70           1
        SFR52            01A00-01A6F              70           1
        SFR53            01A80-01AEF              70           1
        SFR54            01B00-01B6F              70           1
        SFR55            01B80-01BEF              70           1
        SFR56            01C00-01C6F              70           1
        SFR57            01C80-01CEF              70           1
        SFR58            01D00-01D6F              70           1
        SFR59            01D80-01DEF              70           1
        SFR6             00300-0031F              20           1
        SFR60            01E00-01E6F              70           1
        SFR61            01E80-01EEF              70           1
        SFR62            01F00-01F6F              70           1
        SFR63            01F80-01FEF              70           1
        SFR7             00380-0039F              20           1
        SFR8             00400-0041F              20           1
        SFR9             00480-0049F              20           1
        STRCODE          00002-00002               1           2
                         01054-016DD             68A
                         01812-03FFF            27EE
        STRING           00002-00002               1           2
                         01054-016DD             100
                         01812-03FFF             100

                                  Symbol Table

?___awdiv                                                   cstackCOMMON 00076
?___awmod                                                   cstackBANK0  00024
?___lwdiv                                                   cstackCOMMON 00070
?___lwmod                                                   cstackCOMMON 00077
?___wmul                                                    cstackCOMMON 00070
?_sprintf                                                   cstackBANK0  00037
?_vfprintf                                                  cstackBANK0  0002F
EUSART1_FramingErrorCallbackRegister@callbackHandler        cstackBANK1  000ED
EUSART1_OverrunErrorCallbackRegister@callbackHandler        cstackBANK1  000ED
EUSART1_ReceiveISR@regValue                                 cstackCOMMON 00070
EUSART1_ReceiveISR@tempRxHead                               cstackCOMMON 00071
EUSART1_TransmitISR@tempTxTail                              cstackCOMMON 00070
EUSART1_Write@tempTxHead                                    cstackCOMMON 00071
EUSART1_Write@txData                                        cstackCOMMON 00070
INT_SetInterruptHandler@InterruptHandler                    cstackBANK1  000ED
UART_Write_Text@text                                        cstackCOMMON 00072
_ADCON0                                                     (abs)        0009D
_ADCON0bits                                                 (abs)        0009D
_ADCON1                                                     (abs)        0009E
_ADC_Init                                                   text12       0174D
_ADON                                                       (abs)        004E8
_ADRESH                                                     (abs)        0009C
_ADRESL                                                     (abs)        0009B
_ANSELA                                                     (abs)        01F38
_ANSELAbits                                                 (abs)        01F38
_ANSELB                                                     (abs)        01F43
_ANSELBbits                                                 (abs)        01F43
_ANSELC                                                     (abs)        01F4E
_ANSELCbits                                                 (abs)        01F4E
_ANSELD                                                     (abs)        01F59
_ANSELE                                                     (abs)        01F64
_ANSELEbits                                                 (abs)        01F64
_BAUD1CON                                                   (abs)        0011F
_BAUD1CONbits                                               (abs)        0011F
_CLOCK_Initialize                                           text11       01702
_Control_Output                                             bssBANK1     000E2
_DebounceCompleted                                          bssBANK0     00059
_DebounceCompleted_Decrement                                bssBANK0     00058
_DebounceDelay                                              bssBANK1     000D9
_DebounceDelay_Decrement                                    bssBANK1     000D8
_EUSART1_AutoBaudQuery                                      (abs)        00000
_EUSART1_AutoBaudSet                                        (abs)        00000
_EUSART1_DefaultFramingErrorCallback                        text46       00003
_EUSART1_DefaultOverrunErrorCallback                        text45       016E7
_EUSART1_Deinitialize                                       (abs)        00000
_EUSART1_ErrorGet                                           (abs)        00000
_EUSART1_FramingErrorCallbackRegister                       text10       01716
_EUSART1_FramingErrorHandler                                bssBANK1     000C8
_EUSART1_Initialize                                         text8        00928
_EUSART1_IsRxReady                                          (abs)        00000
_EUSART1_IsTxDone                                           (abs)        00000
_EUSART1_IsTxReady                                          text36       016F9
_EUSART1_OverrunErrorCallbackRegister                       text9        01722
_EUSART1_OverrunErrorHandler                                bssBANK1     000C6
_EUSART1_Read                                               (abs)        00000
_EUSART1_ReceiveISR                                         text44       00AD7
_EUSART1_RxCompleteCallbackRegister                         (abs)        00000
_EUSART1_RxCompleteInterruptHandler                         bssBANK1     000CA
_EUSART1_RxInterruptHandler                                 nvBANK2      0016C
_EUSART1_TransmitDisable                                    (abs)        00000
_EUSART1_TransmitEnable                                     (abs)        00000
_EUSART1_TransmitISR                                        text43       017A8
_EUSART1_TxCompleteCallbackRegister                         (abs)        00000
_EUSART1_TxCompleteInterruptHandler                         bssBANK1     000CC
_EUSART1_TxInterruptHandler                                 nvBANK2      0016E
_EUSART1_Write                                              text40       00807
_FREQUENCY                                                  dataBANK0    0006C
_INLVLA                                                     (abs)        01F3C
_INLVLB                                                     (abs)        01F47
_INLVLC                                                     (abs)        01F52
_INLVLD                                                     (abs)        01F5D
_INLVLE                                                     (abs)        01F68
_INTCONbits                                                 (abs)        0000B
_INTERRUPT_Initialize                                       text6        0170B
_INT_DefaultInterruptHandler                                (abs)        00000
_INT_InterruptHandler                                       bssBANK1     000D0
_INT_SetInterruptHandler                                    text7        016EB
_IOCAF                                                      (abs)        01F3F
_IOCAN                                                      (abs)        01F3E
_IOCAP                                                      (abs)        01F3D
_IOCBF                                                      (abs)        01F4A
_IOCBN                                                      (abs)        01F49
_IOCBP                                                      (abs)        01F48
_IOCCF                                                      (abs)        01F55
_IOCCN                                                      (abs)        01F54
_IOCCP                                                      (abs)        01F53
_IOCEF                                                      (abs)        01F6B
_IOCEN                                                      (abs)        01F6A
_IOCEP                                                      (abs)        01F69
_ISR                                                        intentry     00004
_LATA                                                       (abs)        00018
_LATB                                                       (abs)        00019
_LATBbits                                                   (abs)        00019
_LATC                                                       (abs)        0001A
_LATCbits                                                   (abs)        0001A
_LATD                                                       (abs)        0001B
_LATDbits                                                   (abs)        0001B
_LATE                                                       (abs)        0001C
_LATEbits                                                   (abs)        0001C
_NPN_Sensor_1                                               bssBANK1     000E7
_NPN_Sensor_2                                               bssBANK1     000E6
_NVMADRH                                                    (abs)        0081B
_NVMADRL                                                    (abs)        0081A
_NVMCON1bits                                                (abs)        0081E
_NVMCON2                                                    (abs)        0081F
_NVMDATH                                                    (abs)        0081D
_NVMDATL                                                    (abs)        0081C
_NVM_Callback                                               bssBANK1     000D2
_NVM_ISR                                                    text42       016DE
_NVM_Initialize                                             text4        00800
_NVM_StatusClear                                            text5        016E1
_ODCONA                                                     (abs)        01F3A
_ODCONB                                                     (abs)        01F45
_ODCONC                                                     (abs)        01F50
_ODCOND                                                     (abs)        01F5B
_ODCONE                                                     (abs)        01F66
_OFF_Delay                                                  dataBANK0    00068
_OFF_Delay_Flag                                             bssBANK1     000DF
_ON_Delay                                                   dataBANK0    0006A
_ON_Delay_Flag                                              bssBANK0     0005F
_OSCCON1                                                    (abs)        0088D
_OSCCON3                                                    (abs)        0088F
_OSCEN                                                      (abs)        00891
_OSCFRQ                                                     (abs)        00893
_OSCTUNE                                                    (abs)        00892
_Output_VTG_Stop                                            bssBANK1     000E8
_PIE0bits                                                   (abs)        00716
_PIE3bits                                                   (abs)        00719
_PIE7bits                                                   (abs)        0071D
_PIN_MANAGER_Initialize                                     text3        00998
_PIR0bits                                                   (abs)        0070C
_PIR3bits                                                   (abs)        0070F
_PIR7bits                                                   (abs)        00713
_PORTAbits                                                  (abs)        0000C
_PORTBbits                                                  (abs)        0000D
_PORTCbits                                                  (abs)        0000E
_PORTD                                                      (abs)        0000F
_PORTEbits                                                  (abs)        00010
_PhotoSensor_Flag                                           bssBANK1     000E5
_RB7                                                        (abs)        0006F
_RC1REG                                                     (abs)        00119
_RC1STA                                                     (abs)        0011D
_RC1STAbits                                                 (abs)        0011D
_RC7PPS                                                     (abs)        01F27
_RE1                                                        (abs)        00081
_RX1DTPPS                                                   (abs)        01ECB
_SLRCONA                                                    (abs)        01F3B
_SLRCONB                                                    (abs)        01F46
_SLRCONC                                                    (abs)        01F51
_SLRCOND                                                    (abs)        01F5C
_SLRCONE                                                    (abs)        01F67
_SOFT_START_Delay                                           dataBANK0    0006F
_SP1BRGH                                                    (abs)        0011C
_SP1BRGL                                                    (abs)        0011B
_STOP_FREQ                                                  bssBANK1     000C4
_SYSTEM_Initialize                                          text2        0173D
_SoftStart_Completed                                        bssBANK0     00060
_Speed_A                                                    bssBANK1     000E4
_Speed_B                                                    bssBANK1     000E3
_StartDebounceDelayTimer                                    bssBANK1     000D7
_StartDebounceDelayTimer_Decrement                          bssBANK1     000D6
_StartSoftDelay                                             bssBANK1     000E0
_Stop_Controller                                            bssBANK1     000DE
_T0CON0bits                                                 (abs)        0059E
_T0CON1bits                                                 (abs)        0059F
_TMR0L                                                      (abs)        0059C
_TMR_Off_Delay                                              bssBANK1     000B8
_TMR_On_Delay                                               bssBANK1     000BA
_TMR_SoftDelay                                              bssBANK1     000C0
_TRISA                                                      (abs)        00012
_TRISA3                                                     (abs)        00093
_TRISA5                                                     (abs)        00095
_TRISAbits                                                  (abs)        00012
_TRISB                                                      (abs)        00013
_TRISBbits                                                  (abs)        00013
_TRISC                                                      (abs)        00014
_TRISCbits                                                  (abs)        00014
_TRISD                                                      (abs)        00015
_TRISDbits                                                  (abs)        00015
_TRISE                                                      (abs)        00016
_TRISE0                                                     (abs)        000B0
_TRISEbits                                                  (abs)        00016
_TX1REG                                                     (abs)        0011A
_TX1STA                                                     (abs)        0011E
_TX1STAbits                                                 (abs)        0011E
_UARTFlag                                                   bssBANK0     00057
_UARTFlagDelay                                              bssBANK1     000AC
_UART_Write_Text                                            text39       01777
_UpdateModeDelay                                            bssBANK1     000DD
_VOLTAGE                                                    bssBANK0     00061
_WPUA                                                       (abs)        01F39
_WPUAbits                                                   (abs)        01F39
_WPUB                                                       (abs)        01F44
_WPUBbits                                                   (abs)        01F44
_WPUC                                                       (abs)        01F4F
_WPUCbits                                                   (abs)        01F4F
_WPUD                                                       (abs)        01F5A
_WPUE                                                       (abs)        01F65
_WPUEbits                                                   (abs)        01F65
__H__absolute__                                             __absolute__ 00000
__Habs1                                                     abs1         00000
__Hbank0                                                    bank0        00000
__Hbank1                                                    bank1        00000
__Hbank10                                                   bank10       00000
__Hbank11                                                   bank11       00000
__Hbank12                                                   bank12       00000
__Hbank13                                                   bank13       00000
__Hbank14                                                   bank14       00000
__Hbank15                                                   bank15       00000
__Hbank16                                                   bank16       00000
__Hbank17                                                   bank17       00000
__Hbank18                                                   bank18       00000
__Hbank19                                                   bank19       00000
__Hbank2                                                    bank2        00000
__Hbank20                                                   bank20       00000
__Hbank21                                                   bank21       00000
__Hbank22                                                   bank22       00000
__Hbank23                                                   bank23       00000
__Hbank24                                                   bank24       00000
__Hbank25                                                   bank25       00000
__Hbank26                                                   bank26       00000
__Hbank27                                                   bank27       00000
__Hbank28                                                   bank28       00000
__Hbank29                                                   bank29       00000
__Hbank3                                                    bank3        00000
__Hbank30                                                   bank30       00000
__Hbank31                                                   bank31       00000
__Hbank32                                                   bank32       00000
__Hbank33                                                   bank33       00000
__Hbank34                                                   bank34       00000
__Hbank35                                                   bank35       00000
__Hbank36                                                   bank36       00000
__Hbank37                                                   bank37       00000
__Hbank38                                                   bank38       00000
__Hbank39                                                   bank39       00000
__Hbank4                                                    bank4        00000
__Hbank40                                                   bank40       00000
__Hbank41                                                   bank41       00000
__Hbank42                                                   bank42       00000
__Hbank43                                                   bank43       00000
__Hbank44                                                   bank44       00000
__Hbank45                                                   bank45       00000
__Hbank46                                                   bank46       00000
__Hbank47                                                   bank47       00000
__Hbank48                                                   bank48       00000
__Hbank49                                                   bank49       00000
__Hbank5                                                    bank5        00000
__Hbank50                                                   bank50       00000
__Hbank51                                                   bank51       00000
__Hbank52                                                   bank52       00000
__Hbank53                                                   bank53       00000
__Hbank54                                                   bank54       00000
__Hbank55                                                   bank55       00000
__Hbank56                                                   bank56       00000
__Hbank57                                                   bank57       00000
__Hbank58                                                   bank58       00000
__Hbank59                                                   bank59       00000
__Hbank6                                                    bank6        00000
__Hbank60                                                   bank60       00000
__Hbank61                                                   bank61       00000
__Hbank62                                                   bank62       00000
__Hbank63                                                   bank63       00000
__Hbank7                                                    bank7        00000
__Hbank8                                                    bank8        00000
__Hbank9                                                    bank9        00000
__Hbigram                                                   bigram       00000
__HbssBANK0                                                 bssBANK0     00000
__HbssBANK1                                                 bssBANK1     00000
__HbssBANK2                                                 bssBANK2     00000
__HbssBANK3                                                 bssBANK3     00000
__HbssBANK4                                                 bssBANK4     00000
__HbssBANK5                                                 bssBANK5     00000
__HbssCOMMON                                                bssCOMMON    00000
__Hcinit                                                    cinit        00455
__Hclrtext                                                  clrtext      00000
__Hcode                                                     code         00000
__Hcommon                                                   common       00000
__Hconfig                                                   config       0800C
__HcstackBANK0                                              cstackBANK0  00000
__HcstackBANK1                                              cstackBANK1  00000
__HcstackCOMMON                                             cstackCOMMON 00000
__HdataBANK0                                                dataBANK0    00000
__HdataBANK1                                                dataBANK1    00000
__Heeprom_data                                              eeprom_data  00000
__Hend_init                                                 end_init     003E1
__Hfunctab                                                  functab      00000
__Hheap                                                     heap         00000
__HidataBANK0                                               idataBANK0   00000
__HidataBANK1                                               idataBANK1   00000
__Hinit                                                     init         003DF
__Hintentry                                                 intentry     003DF
__Hmaintext                                                 maintext     00000
__HnvBANK2                                                  nvBANK2      00000
__Hpowerup                                                  powerup      00000
__Hram                                                      ram          00000
__Hreset_vec                                                reset_vec    00002
__Hsfr0                                                     sfr0         00000
__Hsfr1                                                     sfr1         00000
__Hsfr10                                                    sfr10        00000
__Hsfr11                                                    sfr11        00000
__Hsfr12                                                    sfr12        00000
__Hsfr13                                                    sfr13        00000
__Hsfr14                                                    sfr14        00000
__Hsfr15                                                    sfr15        00000
__Hsfr16                                                    sfr16        00000
__Hsfr17                                                    sfr17        00000
__Hsfr18                                                    sfr18        00000
__Hsfr19                                                    sfr19        00000
__Hsfr2                                                     sfr2         00000
__Hsfr20                                                    sfr20        00000
__Hsfr21                                                    sfr21        00000
__Hsfr22                                                    sfr22        00000
__Hsfr23                                                    sfr23        00000
__Hsfr24                                                    sfr24        00000
__Hsfr25                                                    sfr25        00000
__Hsfr26                                                    sfr26        00000
__Hsfr27                                                    sfr27        00000
__Hsfr28                                                    sfr28        00000
__Hsfr29                                                    sfr29        00000
__Hsfr3                                                     sfr3         00000
__Hsfr30                                                    sfr30        00000
__Hsfr31                                                    sfr31        00000
__Hsfr32                                                    sfr32        00000
__Hsfr33                                                    sfr33        00000
__Hsfr34                                                    sfr34        00000
__Hsfr35                                                    sfr35        00000
__Hsfr36                                                    sfr36        00000
__Hsfr37                                                    sfr37        00000
__Hsfr38                                                    sfr38        00000
__Hsfr39                                                    sfr39        00000
__Hsfr4                                                     sfr4         00000
__Hsfr40                                                    sfr40        00000
__Hsfr41                                                    sfr41        00000
__Hsfr42                                                    sfr42        00000
__Hsfr43                                                    sfr43        00000
__Hsfr44                                                    sfr44        00000
__Hsfr45                                                    sfr45        00000
__Hsfr46                                                    sfr46        00000
__Hsfr47                                                    sfr47        00000
__Hsfr48                                                    sfr48        00000
__Hsfr49                                                    sfr49        00000
__Hsfr5                                                     sfr5         00000
__Hsfr50                                                    sfr50        00000
__Hsfr51                                                    sfr51        00000
__Hsfr52                                                    sfr52        00000
__Hsfr53                                                    sfr53        00000
__Hsfr54                                                    sfr54        00000
__Hsfr55                                                    sfr55        00000
__Hsfr56                                                    sfr56        00000
__Hsfr57                                                    sfr57        00000
__Hsfr58                                                    sfr58        00000
__Hsfr59                                                    sfr59        00000
__Hsfr6                                                     sfr6         00000
__Hsfr60                                                    sfr60        00000
__Hsfr61                                                    sfr61        00000
__Hsfr62                                                    sfr62        00000
__Hsfr63                                                    sfr63        00000
__Hsfr7                                                     sfr7         00000
__Hsfr8                                                     sfr8         00000
__Hsfr9                                                     sfr9         00000
__Hsivt                                                     sivt         003DF
__Hspace_0                                                  (abs)        01812
__Hspace_1                                                  (abs)        002E0
__Hspace_2                                                  (abs)        00000
__Hspace_3                                                  (abs)        00000
__Hspace_4                                                  (abs)        10013
__Hstack                                                    stack        00000
__Hstrings                                                  strings      00000
__Hstringtext1                                              stringtext1  00000
__Hstringtext2                                              stringtext2  00000
__Hstringtext3                                              stringtext3  00000
__Hstringtext4                                              stringtext4  00000
__Htext                                                     text         00000
__L__absolute__                                             __absolute__ 00000
__Labs1                                                     abs1         00000
__Lbank0                                                    bank0        00000
__Lbank1                                                    bank1        00000
__Lbank10                                                   bank10       00000
__Lbank11                                                   bank11       00000
__Lbank12                                                   bank12       00000
__Lbank13                                                   bank13       00000
__Lbank14                                                   bank14       00000
__Lbank15                                                   bank15       00000
__Lbank16                                                   bank16       00000
__Lbank17                                                   bank17       00000
__Lbank18                                                   bank18       00000
__Lbank19                                                   bank19       00000
__Lbank2                                                    bank2        00000
__Lbank20                                                   bank20       00000
__Lbank21                                                   bank21       00000
__Lbank22                                                   bank22       00000
__Lbank23                                                   bank23       00000
__Lbank24                                                   bank24       00000
__Lbank25                                                   bank25       00000
__Lbank26                                                   bank26       00000
__Lbank27                                                   bank27       00000
__Lbank28                                                   bank28       00000
__Lbank29                                                   bank29       00000
__Lbank3                                                    bank3        00000
__Lbank30                                                   bank30       00000
__Lbank31                                                   bank31       00000
__Lbank32                                                   bank32       00000
__Lbank33                                                   bank33       00000
__Lbank34                                                   bank34       00000
__Lbank35                                                   bank35       00000
__Lbank36                                                   bank36       00000
__Lbank37                                                   bank37       00000
__Lbank38                                                   bank38       00000
__Lbank39                                                   bank39       00000
__Lbank4                                                    bank4        00000
__Lbank40                                                   bank40       00000
__Lbank41                                                   bank41       00000
__Lbank42                                                   bank42       00000
__Lbank43                                                   bank43       00000
__Lbank44                                                   bank44       00000
__Lbank45                                                   bank45       00000
__Lbank46                                                   bank46       00000
__Lbank47                                                   bank47       00000
__Lbank48                                                   bank48       00000
__Lbank49                                                   bank49       00000
__Lbank5                                                    bank5        00000
__Lbank50                                                   bank50       00000
__Lbank51                                                   bank51       00000
__Lbank52                                                   bank52       00000
__Lbank53                                                   bank53       00000
__Lbank54                                                   bank54       00000
__Lbank55                                                   bank55       00000
__Lbank56                                                   bank56       00000
__Lbank57                                                   bank57       00000
__Lbank58                                                   bank58       00000
__Lbank59                                                   bank59       00000
__Lbank6                                                    bank6        00000
__Lbank60                                                   bank60       00000
__Lbank61                                                   bank61       00000
__Lbank62                                                   bank62       00000
__Lbank63                                                   bank63       00000
__Lbank7                                                    bank7        00000
__Lbank8                                                    bank8        00000
__Lbank9                                                    bank9        00000
__Lbigram                                                   bigram       00000
__LbssBANK0                                                 bssBANK0     00000
__LbssBANK1                                                 bssBANK1     00000
__LbssBANK2                                                 bssBANK2     00000
__LbssBANK3                                                 bssBANK3     00000
__LbssBANK4                                                 bssBANK4     00000
__LbssBANK5                                                 bssBANK5     00000
__LbssCOMMON                                                bssCOMMON    00000
__Lcinit                                                    cinit        003E1
__Lclrtext                                                  clrtext      00000
__Lcode                                                     code         00000
__Lcommon                                                   common       00000
__Lconfig                                                   config       00000
__LcstackBANK0                                              cstackBANK0  00000
__LcstackBANK1                                              cstackBANK1  00000
__LcstackCOMMON                                             cstackCOMMON 00000
__LdataBANK0                                                dataBANK0    00000
__LdataBANK1                                                dataBANK1    00000
__Leeprom_data                                              eeprom_data  00000
__Lend_init                                                 end_init     003DF
__Lfunctab                                                  functab      00000
__Lheap                                                     heap         00000
__LidataBANK0                                               idataBANK0   00000
__LidataBANK1                                               idataBANK1   00000
__Linit                                                     init         003DF
__Lintentry                                                 intentry     00004
__Lmaintext                                                 maintext     00000
__LnvBANK2                                                  nvBANK2      00000
__Lpowerup                                                  powerup      00000
__Lram                                                      ram          00000
__Lreset_vec                                                reset_vec    00000
__Lsfr0                                                     sfr0         00000
__Lsfr1                                                     sfr1         00000
__Lsfr10                                                    sfr10        00000
__Lsfr11                                                    sfr11        00000
__Lsfr12                                                    sfr12        00000
__Lsfr13                                                    sfr13        00000
__Lsfr14                                                    sfr14        00000
__Lsfr15                                                    sfr15        00000
__Lsfr16                                                    sfr16        00000
__Lsfr17                                                    sfr17        00000
__Lsfr18                                                    sfr18        00000
__Lsfr19                                                    sfr19        00000
__Lsfr2                                                     sfr2         00000
__Lsfr20                                                    sfr20        00000
__Lsfr21                                                    sfr21        00000
__Lsfr22                                                    sfr22        00000
__Lsfr23                                                    sfr23        00000
__Lsfr24                                                    sfr24        00000
__Lsfr25                                                    sfr25        00000
__Lsfr26                                                    sfr26        00000
__Lsfr27                                                    sfr27        00000
__Lsfr28                                                    sfr28        00000
__Lsfr29                                                    sfr29        00000
__Lsfr3                                                     sfr3         00000
__Lsfr30                                                    sfr30        00000
__Lsfr31                                                    sfr31        00000
__Lsfr32                                                    sfr32        00000
__Lsfr33                                                    sfr33        00000
__Lsfr34                                                    sfr34        00000
__Lsfr35                                                    sfr35        00000
__Lsfr36                                                    sfr36        00000
__Lsfr37                                                    sfr37        00000
__Lsfr38                                                    sfr38        00000
__Lsfr39                                                    sfr39        00000
__Lsfr4                                                     sfr4         00000
__Lsfr40                                                    sfr40        00000
__Lsfr41                                                    sfr41        00000
__Lsfr42                                                    sfr42        00000
__Lsfr43                                                    sfr43        00000
__Lsfr44                                                    sfr44        00000
__Lsfr45                                                    sfr45        00000
__Lsfr46                                                    sfr46        00000
__Lsfr47                                                    sfr47        00000
__Lsfr48                                                    sfr48        00000
__Lsfr49                                                    sfr49        00000
__Lsfr5                                                     sfr5         00000
__Lsfr50                                                    sfr50        00000
__Lsfr51                                                    sfr51        00000
__Lsfr52                                                    sfr52        00000
__Lsfr53                                                    sfr53        00000
__Lsfr54                                                    sfr54        00000
__Lsfr55                                                    sfr55        00000
__Lsfr56                                                    sfr56        00000
__Lsfr57                                                    sfr57        00000
__Lsfr58                                                    sfr58        00000
__Lsfr59                                                    sfr59        00000
__Lsfr6                                                     sfr6         00000
__Lsfr60                                                    sfr60        00000
__Lsfr61                                                    sfr61        00000
__Lsfr62                                                    sfr62        00000
__Lsfr63                                                    sfr63        00000
__Lsfr7                                                     sfr7         00000
__Lsfr8                                                     sfr8         00000
__Lsfr9                                                     sfr9         00000
__Lsivt                                                     sivt         003DF
__Lspace_0                                                  (abs)        00000
__Lspace_1                                                  (abs)        00000
__Lspace_2                                                  (abs)        00000
__Lspace_3                                                  (abs)        00000
__Lspace_4                                                  (abs)        00000
__Lstack                                                    stack        00000
__Lstrings                                                  strings      00000
__Lstringtext1                                              stringtext1  00000
__Lstringtext2                                              stringtext2  00000
__Lstringtext3                                              stringtext3  00000
__Lstringtext4                                              stringtext4  00000
__Ltext                                                     text         00000
__S0                                                        (abs)        01812
__S1                                                        (abs)        002E0
___awdiv                                                    text22       00B87
___awdiv@counter                                            cstackBANK0  00020
___awdiv@dividend                                           cstackCOMMON 00078
___awdiv@divisor                                            cstackCOMMON 00076
___awdiv@quotient                                           cstackBANK0  00022
___awdiv@sign                                               cstackBANK0  00021
___awmod                                                    text21       00A85
___awmod@counter                                            cstackCOMMON 0007A
___awmod@dividend                                           cstackBANK0  00026
___awmod@divisor                                            cstackBANK0  00024
___awmod@sign                                               cstackCOMMON 0007B
___heap_hi                                                  (abs)        00000
___heap_lo                                                  (abs)        00000
___int_sp                                                   stack        00000
___int_stack_hi                                             stack        00000
___int_stack_lo                                             stack        00000
___latbits                                                  (abs)        00003
___lwdiv                                                    text38       0095E
___lwdiv@counter                                            cstackCOMMON 00076
[...]
__end_of_control_led_and_7segment_FOR_MODE_OFF_DELAY        text26       00F23
__end_of_control_led_and_7segment_FOR_MODE_ON_DELAY         text25       01000
__end_of_control_led_and_7segment_FOR_MODE_PHOTO_SENSOR     text24       008A0
__end_of_control_led_and_7segment_FOR_MODE_SENSOR_II        text23       008C8
__end_of_control_led_and_7segment_FOR_MODE_SOFT_START_DELAY text20       0074A
__end_of_control_led_and_7segment_FOR_MODE_SPEED_A_B        text19       00C44
__end_of_control_led_and_7segment_FOR_MODE_SPEED_CONTROL    text18       008F6
__end_of_control_led_and_7segment_FOR_MODE_STOP_CONTROLLER  text17       00A85
__end_of_control_led_and_7segment_FOR_MODE_VOLTAGE          text16       00E46
__end_of_fputc                                              text34       00B87
__end_of_main                                               maintext     00CA8
__end_of_putch                                              text35       0173D
__end_of_setup_timer0                                       text1        01777
__end_of_sprintf                                            text31       00850
__end_of_updateLEDs                                         text15       007F4
__end_of_updateMode                                         text14       0065B
__end_of_vfpfcnvrt                                          text33       00D76
__end_of_vfprintf                                           text32       017E1
__initialization                                            cinit        003E1
__pbssBANK0                                                 bssBANK0     00053
__pbssBANK1                                                 bssBANK1     000A0
__pbssBANK2                                                 bssBANK2     00120
__pbssBANK3                                                 bssBANK3     001A0
__pbssBANK4                                                 bssBANK4     00220
__pbssBANK5                                                 bssBANK5     002A0
__pbssBIGRAM                                                (abs)        02728
__pbssCOMMON                                                bssCOMMON    0007C
__pcstackBANK0                                              cstackBANK0  00020
__pcstackBANK1                                              cstackBANK1  000ED
__pcstackCOMMON                                             cstackCOMMON 00070
__pdataBANK0                                                dataBANK0    00068
__pdataBANK1                                                dataBANK1    000EA
__pidataBANK0                                               idataBANK0   016F1
__pidataBANK1                                               idataBANK1   016E4
__pintentry                                                 intentry     00004
__pmaintext                                                 maintext     00C44
__pnvBANK2                                                  nvBANK2      0016C
__pstringtext1                                              stringtext1  01000
__pstringtext2                                              stringtext2  01030
__pstringtext3                                              stringtext3  01800
__pstringtext4                                              stringtext4  00000
__ptext1                                                    text1        01761
__ptext10                                                   text10       01716
__ptext11                                                   text11       01702
__ptext12                                                   text12       0174D
__ptext14                                                   text14       00569
__ptext15                                                   text15       0074A
__ptext16                                                   text16       00D76
__ptext17                                                   text17       00A34
__ptext18                                                   text18       008C8
__ptext19                                                   text19       00BE3
__ptext2                                                    text2        0173D
__ptext20                                                   text20       0065B
__ptext21                                                   text21       00A85
__ptext22                                                   text22       00B87
__ptext23                                                   text23       008A0
__ptext24                                                   text24       00878
__ptext25                                                   text25       00F23
__ptext26                                                   text26       00E46
__ptext27                                                   text27       00850
__ptext28                                                   text28       00455
__ptext29                                                   text29       0178F
__ptext3                                                    text3        00998
__ptext30                                                   text30       009E4
__ptext31                                                   text31       0082A
__ptext32                                                   text32       017C3
__ptext33                                                   text33       00CA8
__ptext34                                                   text34       00B2B
__ptext35                                                   text35       0172E
__ptext36                                                   text36       016F9
__ptext37                                                   text37       008F6
__ptext38                                                   text38       0095E
__ptext39                                                   text39       01777
__ptext4                                                    text4        00800
__ptext40                                                   text40       00807
__ptext41                                                   text41       017E1
__ptext42                                                   text42       016DE
__ptext43                                                   text43       017A8
__ptext44                                                   text44       00AD7
__ptext45                                                   text45       016E7
__ptext46                                                   text46       00003
__ptext5                                                    text5        016E1
__ptext6                                                    text6        0170B
__ptext7                                                    text7        016EB
__ptext8                                                    text8        00928
__ptext9                                                    text9        01722
_binary_pattern                                             stringtext2  01030
_buffer                                                     (abs)        02728
_control_led_and_7segment_FOR_MODE_CONTROL_OUTPUT           text30       009E4
_control_led_and_7segment_FOR_MODE_CURRENT_OUTPUT           text29       0178F
_control_led_and_7segment_FOR_MODE_FREQUENCY                text28       00455
_control_led_and_7segment_FOR_MODE_NPN_SENSOR_I             text27       00850
_control_led_and_7segment_FOR_MODE_OFF_DELAY                text26       00E46
_control_led_and_7segment_FOR_MODE_ON_DELAY                 text25       00F23
_control_led_and_7segment_FOR_MODE_PHOTO_SENSOR             text24       00878
_control_led_and_7segment_FOR_MODE_SENSOR_II                text23       008A0
_control_led_and_7segment_FOR_MODE_SOFT_START_DELAY         text20       0065B
_control_led_and_7segment_FOR_MODE_SPEED_A_B                text19       00BE3
_control_led_and_7segment_FOR_MODE_SPEED_CONTROL            text18       008C8
_control_led_and_7segment_FOR_MODE_STOP_CONTROLLER          text17       00A34
_control_led_and_7segment_FOR_MODE_VOLTAGE                  text16       00D76
_currentMode                                                bssBANK0     0005B
_currentStage                                               bssBANK0     0005C
_currentStage1Mode                                          bssBANK0     0005A
_currentStage2Mode                                          dataBANK1    000EB
_current_digit                                              bssBANK0     0005D
_dbuf                                                       bssBANK4     00220
_digits_1                                                   bssBANK2     00162
_digits_10                                                  bssBANK3     001BE
_digits_11                                                  bssBANK3     001B4
_digits_12                                                  bssBANK3     001AA
_digits_15                                                  bssBANK3     001A0
_digits_2                                                   bssBANK2     00158
_digits_3                                                   bssBANK2     0014E
_digits_4                                                   bssBANK2     00144
_digits_5                                                   bssBANK2     0013A
_digits_6                                                   bssBANK2     00130
_digits_7                                                   bssBANK3     001DC
_digits_8                                                   bssBANK3     001D2
_digits_9                                                   bssBANK3     001C8
_display_digits                                             dataBANK1    000EC
_eusart1RxBuffer                                            bssBANK3     001E6
_eusart1RxCount                                             bssBANK0     00062
_eusart1RxHead                                              bssBANK0     00064
_eusart1RxLastError                                         bssBANK1     000CE
_eusart1RxStatusBuffer                                      bssBANK2     00120
_eusart1RxTail                                              bssBANK0     00063
_eusart1TxBuffer                                            bssBANK1     000A0
_eusart1TxBufferRemaining                                   bssBANK0     00065
_eusart1TxHead                                              bssBANK0     00067
_eusart1TxTail                                              bssBANK0     00066
_flag                                                       bssBANK0     00055
_flags                                                      bssBANK1     000D4
_fputc                                                      text34       00B2B
_longPressDetectedSettingSwitch                             bssBANK1     000DC
_longPressDetectedSimultaneous                              bssBANK1     000DB
_main                                                       maintext     00C44
_prec                                                       bssBANK1     000AA
_pressDurationPowerSwitch                                   bssBANK1     000AE
_pressDurationSettingSwitch                                 bssBANK0     00053
_pressDurationSimultaneous                                  bssBANK1     000B2
_putch                                                      text35       0172E
_segment_pattern                                            bssBANK0     0005E
_settingSwitchReleased                                      dataBANK1    000EA
_setup_timer0                                               text1        01761
_shortPressDetected                                         bssBANK1     000DA
_shortPressDetectedPowerSwitch                              bssBANK1     000D5
_soft_start_step_interval                                   dataBANK0    0006E
_soft_start_voltage                                         bssBANK1     000BE
_sprintf                                                    text31       0082A
_systemData                                                 bssBANK4     00254
_uartsendcount                                              bssBANK1     000B0
_unlockKeyHigh                                              bssCOMMON    0007C
_unlockKeyLow                                               bssCOMMON    0007D
_updateLEDs                                                 text15       0074A
_updateMode                                                 text14       00569
_vfpfcnvrt                                                  text33       00CA8
_vfprintf                                                   text32       017C3
_width                                                      bssBANK1     000A8
btemp                                                       (abs)        0007E
clear_ram0                                                  clrtext      007F4
end_of_initialization                                       cinit        00451
fputc@c                                                     cstackCOMMON 00073
fputc@fp                                                    cstackCOMMON 00075
int$flags                                                   (abs)        0007E
intlevel0                                                   functab      00000
intlevel1                                                   functab      00000
intlevel2                                                   functab      00000
intlevel3                                                   functab      00000
intlevel4                                                   functab      00000
intlevel5                                                   functab      00000
putch@txData                                                cstackCOMMON 00072
reset_vec                                                   reset_vec    00000
sprintf@ap                                                  cstackBANK0  0003D
sprintf@f                                                   cstackBANK0  0003E
sprintf@fmt                                                 cstackBANK0  00039
sprintf@s                                                   cstackBANK0  00037
start                                                       init         003DF
start_initialization                                        cinit        003E1
vfpfcnvrt@ap                                                cstackBANK0  00023
vfpfcnvrt@c                                                 cstackBANK0  0002E
vfpfcnvrt@convarg                                           cstackBANK0  0002A
vfpfcnvrt@cp                                                cstackBANK0  00028
vfpfcnvrt@fmt                                               cstackBANK0  00022
vfpfcnvrt@fp                                                cstackBANK0  00020
vfprintf@ap                                                 cstackBANK0  00033
vfprintf@cfmt                                               cstackBANK0  00035
vfprintf@fmt                                                cstackBANK0  00031
vfprintf@fp                                                 cstackBANK0  0002F
wtemp0                                                      (abs)        0007E


MODULE INFORMATION

Module		Function		Class		Link	Load	Size
C:\Program Files\Microchip\xc8\v3.00\pic\sources\c99\common\nf_fputc.c
		_fputc         		CODE           	0B2B	0000	92

C:\Program Files\Microchip\xc8\v3.00\pic\sources\c99\common\nf_fputc.c estimated size: 92

C:\Program Files\Microchip\xc8\v3.00\pic\sources\c99\common\Umul16.c
		___wmul        		CODE           	17E1	0000	31

C:\Program Files\Microchip\xc8\v3.00\pic\sources\c99\common\Umul16.c estimated size: 31

C:\Program Files\Microchip\xc8\v3.00\pic\sources\c99\common\nf_sprintf.c
		_sprintf       		CODE           	082A	0000	38

C:\Program Files\Microchip\xc8\v3.00\pic\sources\c99\common\nf_sprintf.c estimated size: 38

mcc_generated_files/system/src/interrupt.c
		_INT_SetInterruptHandler		CODE           	16EB	0000	6
		_INTERRUPT_Initialize		CODE           	170B	0000	11

mcc_generated_files/system/src/interrupt.c estimated size: 17

C:\Program Files\Microchip\xc8\v3.00\pic\sources\c99\common\lwmod.c
		___lwmod       		CODE           	08F6	0000	50

C:\Program Files\Microchip\xc8\v3.00\pic\sources\c99\common\lwmod.c estimated size: 50

C:\Program Files\Microchip\xc8\v3.00\pic\sources\c99\common\awmod.c
		___awmod       		CODE           	0A85	0000	82

C:\Program Files\Microchip\xc8\v3.00\pic\sources\c99\common\awmod.c estimated size: 82

mcc_generated_files/nvm/src/nvm.c
		_NVM_Initialize		CODE           	0800	0000	7
		_NVM_StatusClear		CODE           	16E1	0000	3
		_NVM_ISR       		CODE           	16DE	0000	3

mcc_generated_files/nvm/src/nvm.c estimated size: 13

mcc_generated_files/system/src/pins.c
		_PIN_MANAGER_Initialize		CODE           	0998	0000	76

mcc_generated_files/system/src/pins.c estimated size: 76

shared
		_binary_pattern		STRCODE        	1030	0000	36
		__initialization		CODE           	03E1	0000	112
		_UART1         		STRCODE        	0000	0000	0

shared estimated size: 148

mcc_generated_files/system/src/clock.c
		_CLOCK_Initialize		CODE           	1702	0000	9

mcc_generated_files/system/src/clock.c estimated size: 9

C:\Program Files\Microchip\xc8\v3.00\pic\sources\c99\common\lwdiv.c
		___lwdiv       		CODE           	095E	0000	58

C:\Program Files\Microchip\xc8\v3.00\pic\sources\c99\common\lwdiv.c estimated size: 58

C:\Program Files\Microchip\xc8\v3.00\pic\sources\c99\common\awdiv.c
		___awdiv       		CODE           	0B87	0000	92

C:\Program Files\Microchip\xc8\v3.00\pic\sources\c99\common\awdiv.c estimated size: 92

main.c
		_control_led_and_7segment_FOR_MODE_NPN_SENSOR_I		CODE           	0850	0000	40
		_updateMode    		CODE           	0569	0000	242
		_control_led_and_7segment_FOR_MODE_PHOTO_SENSOR		CODE           	0878	0000	40
		_ISR           		CODE           	0004	0000	987
		_control_led_and_7segment_FOR_MODE_SENSOR_II		CODE           	08A0	0000	40
		_control_led_and_7segment_FOR_MODE_SPEED_A_B		CODE           	0BE3	0000	97
		_control_led_and_7segment_FOR_MODE_CURRENT_OUTPUT		CODE           	178F	0000	25
		_main          		CODE           	0C44	0000	100
		_control_led_and_7segment_FOR_MODE_STOP_CONTROLLER		CODE           	0A34	0000	81
		_setup_timer0  		CODE           	1761	0000	22
		_control_led_and_7segment_FOR_MODE_OFF_DELAY		CODE           	0E46	0000	221
		_updateLEDs    		CODE           	074A	0000	170
		_UART_Write_Text		CODE           	1777	0000	24
		_control_led_and_7segment_FOR_MODE_SOFT_START_DELAY		CODE           	065B	0000	239
		_control_led_and_7segment_FOR_MODE_VOLTAGE		CODE           	0D76	0000	208
		_control_led_and_7segment_FOR_MODE_SPEED_CONTROL		CODE           	08C8	0000	46
		_control_led_and_7segment_FOR_MODE_FREQUENCY		CODE           	0455	0000	276
		_control_led_and_7segment_FOR_MODE_CONTROL_OUTPUT		CODE           	09E4	0000	80
		_control_led_and_7segment_FOR_MODE_ON_DELAY		CODE           	0F23	0000	221
		_ADC_Init      		CODE           	174D	0000	20

main.c estimated size: 3179

mcc_generated_files/uart/src/eusart1.c
		_EUSART1_Initialize		CODE           	0928	0000	54
		_EUSART1_ReceiveISR		CODE           	0AD7	0000	84
		_putch         		CODE           	172E	0000	15
		_EUSART1_DefaultFramingErrorCallback		CODE           	0003	0000	1
		_EUSART1_Write 		CODE           	0807	0000	35
		_EUSART1_TransmitISR		CODE           	17A8	0000	27
		_EUSART1_FramingErrorCallbackRegister		CODE           	1716	0000	12
		_EUSART1_IsTxReady		CODE           	16F9	0000	9
		_EUSART1_OverrunErrorCallbackRegister		CODE           	1722	0000	12
		_EUSART1_DefaultOverrunErrorCallback		CODE           	16E7	0000	4

mcc_generated_files/uart/src/eusart1.c estimated size: 253

C:\Program Files\Microchip\xc8\v3.00\pic\sources\c99\common\doprnt.c
		_vfpfcnvrt     		CODE           	0CA8	0000	206
		_vfprintf      		CODE           	17C3	0000	30

C:\Program Files\Microchip\xc8\v3.00\pic\sources\c99\common\doprnt.c estimated size: 236

mcc_generated_files/system/src/system.c
		_SYSTEM_Initialize		CODE           	173D	0000	16

mcc_generated_files/system/src/system.c estimated size: 16

