../Drivers/CMSIS/Include/core_cm7.h:2229:22:SCB_EnableICache	4	static,ignoring_inline_asm
../Drivers/CMSIS/Include/core_cm7.h:2281:22:SCB_EnableDCache	24	static,ignoring_inline_asm
../Core/Src/../../lvgl/src/hal/../draw/../misc/lv_color.h:603:26:lv_color_make	16	static
../Core/Src/../../lvgl/src/hal/../draw/../misc/lv_color.h:608:26:lv_color_hex	24	static
../Core/Src/../../lvgl/src/core/lv_disp.h:184:26:lv_scr_act	8	static
../Core/Src/../../lvgl/src/lv_api_map.h:35:51:lv_task_handler	8	static
../Core/Src/main.c:329:5:__io_putchar	16	static
../Core/Src/main.c:334:6:ethernet_link_status_updated	16	static
../Core/Src/main.c:345:6:ethernetif_notify_conn_changed	16	static
../Core/Src/main.c:365:5:main	24	static
../Core/Src/main.c:533:6:update_circle_color	16	static
../Core/Src/main.c:546:6:create_circle	8	static
../Core/Src/main.c:556:6:display_ip_address	24	static
../Core/Src/main.c:576:6:Flash_Erase_Sector	32	static
../Core/Src/main.c:594:10:Flash_Find_Next_Address	16	static
../Core/Src/main.c:609:6:Flash_Write_Data	80	static
../Core/Src/main.c:671:6:Flash_Read_Data	88	static
../Core/Src/main.c:738:6:adc_calculations	40	static
../Core/Src/main.c:817:6:trip_point_of_leak	16	static
../Core/Src/main.c:895:6:leak_response_dropdown	8	static
../Core/Src/main.c:930:6:flow_settings	8	static
../Core/Src/main.c:964:6:temp_settings	8	static
../Core/Src/main.c:1002:6:transmit_value_via_uart	56	static
../Core/Src/main.c:1060:6:toggle_image_visibility	8	static
../Core/Src/main.c:1075:6:toggle_image_visibility_off	8	static
../Core/Src/main.c:1085:6:toggle_txt_visibility_off	8	static
../Core/Src/main.c:1096:6:toggle_txt_visibility	8	static
../Core/Src/main.c:1112:6:toggle_txt_visibility_temp	8	static
../Core/Src/main.c:1129:13:event_handler_bypass_btn	64	static
../Core/Src/main.c:1168:6:update_BYPASS_dropdown	16	static
../Core/Src/main.c:1182:6:lv_example_dropdown_BYPASS	8	static
../Core/Src/main.c:1206:6:TIM3_IRQHandler	4	static
../Core/Src/main.c:1219:6:TIM2_IRQHandler	4	static
../Core/Src/main.c:1237:6:HAL_TIM_IC_CaptureCallback	24	static
../Core/Src/main.c:1348:6:Check_Pulse_Timeout	16	static
../Core/Src/main.c:1372:6:SystemClock_Config	88	static
../Core/Src/main.c:1433:6:Error_Handler	4	static,ignoring_inline_asm
